
[ERROR] COMPILATION ERROR : 
[ERROR] /C:/tasheel/backend/src/main/java/com/tasaheel/service/PaymentService.java:[42,5] 
org.springframework.transaction.annotation.Transactional is not a repeatable annotation type
[ERROR] /C:/tasheel/backend/src/main/java/com/tasaheel/service/DriverService.java:[42,16] cannot find symbol
[ERROR] /C:/tasheel/backend/src/main/java/com/tasaheel/service/DriverService.java:[42,54] cannot find symbol
[ERROR] /C:/tasheel/backend/src/main/java/com/tasaheel/service/DriverService.java:[43,16] cannot find symbol
[ERROR] /C:/tasheel/backend/src/main/java/com/tasaheel/service/DriverService.java:[43,54] cannot find symbol
[ERROR] /C:/tasheel/backend/src/main/java/com/tasaheel/service/DriverService.java:[44,16] cannot find symbol
[ERROR] /C:/tasheel/backend/src/main/java/com/tasaheel/service/DriverService.java:[44,68] cannot find symbol
[ERROR] /C:/tasheel/backend/src/main/java/com/tasaheel/service/DriverService.java:[45,16] cannot find symbol
[ERROR] /C:/tasheel/backend/src/main/java/com/tasaheel/service/DriverService.java:[45,68] cannot find symbol
[ERROR] /C:/tasheel/backend/src/main/java/com/tasaheel/service/DriverService.java:[46,16] cannot find symbol
[ERROR] /C:/tasheel/backend/src/main/java/com/tasaheel/service/DriverService.java:[46,68] cannot find symbol
[ERROR] /C:/tasheel/backend/src/main/java/com/tasaheel/service/DriverService.java:[47,16] cannot find symbol
[ERROR] /C:/tasheel/backend/src/main/java/com/tasaheel/service/DriverService.java:[47,56] cannot find symbol
[ERROR] /C:/tasheel/backend/src/main/java/com/tasaheel/service/DriverService.java:[48,16] cannot find symbol
[ERROR] /C:/tasheel/backend/src/main/java/com/tasaheel/service/DriverService.java:[48,62] cannot find symbol
[ERROR] /C:/tasheel/backend/src/main/java/com/tasaheel/service/DriverService.java:[66,23] cannot find symbol
[ERROR] /C:/tasheel/backend/src/main/java/com/tasaheel/service/DriverService.java:[70,18] cannot find symbol
[ERROR] /C:/tasheel/backend/src/main/java/com/tasaheel/service/DriverService.java:[71,18] cannot find symbol
[ERROR] /C:/tasheel/backend/src/main/java/com/tasaheel/service/DriverService.java:[80,22] cannot find symbol
[ERROR] /C:/tasheel/backend/src/main/java/com/tasaheel/service/DriverService.java:[80,56] cannot find symbol
[ERROR] /C:/tasheel/backend/src/main/java/com/tasaheel/service/DriverService.java:[84,18] cannot find symbol
[ERROR] /C:/tasheel/backend/src/main/java/com/tasaheel/service/DriverService.java:[85,18] cannot find symbol
[ERROR] /C:/tasheel/backend/src/main/java/com/tasaheel/service/DriverService.java:[96,22] cannot find symbol
[ERROR] /C:/tasheel/backend/src/main/java/com/tasaheel/service/DriverService.java:[98,26] cannot find symbol
[ERROR] /C:/tasheel/backend/src/main/java/com/tasaheel/service/DriverService.java:[101,22] cannot find symbol
[ERROR] /C:/tasheel/backend/src/main/java/com/tasaheel/service/DriverService.java:[102,22] cannot find symbol
[ERROR] /C:/tasheel/backend/src/main/java/com/tasaheel/service/DriverService.java:[117,15] cannot find symbol
[ERROR] /C:/tasheel/backend/src/main/java/com/tasaheel/service/DriverService.java:[124,15] cannot find symbol
[ERROR] /C:/tasheel/backend/src/main/java/com/tasaheel/service/DriverService.java:[125,15] cannot find symbol
[ERROR] /C:/tasheel/backend/src/main/java/com/tasaheel/service/DriverService.java:[146,40] cannot find symbol
[ERROR] /C:/tasheel/backend/src/main/java/com/tasaheel/service/DriverService.java:[147,40] cannot find symbol
[ERROR] /C:/tasheel/backend/src/main/java/com/tasaheel/service/DriverService.java:[148,41] cannot find symbol
[ERROR] /C:/tasheel/backend/src/main/java/com/tasaheel/service/DriverService.java:[149,40] cannot find symbol
[ERROR] /C:/tasheel/backend/src/main/java/com/tasaheel/service/DriverService.java:[150,41] cannot find symbol
[ERROR] /C:/tasheel/backend/src/main/java/com/tasaheel/service/DriverService.java:[161,25] cannot find symbol
[ERROR] /C:/tasheel/backend/src/main/java/com/tasaheel/service/DriverService.java:[162,22] cannot find symbol
[ERROR] /C:/tasheel/backend/src/main/java/com/tasaheel/service/DriverService.java:[163,24] cannot find symbol
[ERROR] /C:/tasheel/backend/src/main/java/com/tasaheel/service/DriverService.java:[164,25] cannot find symbol
[ERROR] /C:/tasheel/backend/src/main/java/com/tasaheel/service/DriverService.java:[165,25] cannot find symbol
[ERROR] /C:/tasheel/backend/src/main/java/com/tasaheel/service/DriverService.java:[166,24] cannot find symbol
[ERROR] /C:/tasheel/backend/src/main/java/com/tasaheel/service/DriverService.java:[167,31] cannot find symbol
[ERROR] /C:/tasheel/backend/src/main/java/com/tasaheel/service/DriverService.java:[168,31] cannot find symbol
[ERROR] /C:/tasheel/backend/src/main/java/com/tasaheel/service/DriverService.java:[169,31] cannot find symbol
[ERROR] /C:/tasheel/backend/src/main/java/com/tasaheel/service/DriverService.java:[170,28] cannot find symbol
[ERROR] /C:/tasheel/backend/src/main/java/com/tasaheel/service/DriverService.java:[171,30] cannot find symbol
[ERROR] /C:/tasheel/backend/src/main/java/com/tasaheel/service/DriverService.java:[172,28] cannot find symbol
[ERROR] /C:/tasheel/backend/src/main/java/com/tasaheel/service/DriverService.java:[173,29] cannot find symbol
[ERROR] /C:/tasheel/backend/src/main/java/com/tasaheel/service/DriverService.java:[174,28] cannot find symbol
[ERROR] /C:/tasheel/backend/src/main/java/com/tasaheel/service/DriverService.java:[175,28] cannot find symbol
[ERROR] /C:/tasheel/backend/src/main/java/com/tasaheel/service/DriverService.java:[176,29] cannot find symbol
[ERROR] /C:/tasheel/backend/src/main/java/com/tasaheel/service/DriverService.java:[177,29] cannot find symbol
[ERROR] /C:/tasheel/backend/src/main/java/com/tasaheel/service/DriverService.java:[182,35] cannot find symbol
[ERROR] /C:/tasheel/backend/src/main/java/com/tasaheel/service/DriverService.java:[183,22] cannot find symbol
[ERROR] /C:/tasheel/backend/src/main/java/com/tasaheel/service/DriverService.java:[184,29] cannot find symbol
[ERROR] /C:/tasheel/backend/src/main/java/com/tasaheel/service/DriverService.java:[185,30] cannot find symbol
[ERROR] /C:/tasheel/backend/src/main/java/com/tasaheel/service/DriverService.java:[186,32] cannot find symbol
[ERROR] /C:/tasheel/backend/src/main/java/com/tasaheel/service/DriverService.java:[187,33] cannot find symbol
[ERROR] /C:/tasheel/backend/src/main/java/com/tasaheel/service/DriverService.java:[188,28] cannot find symbol
[ERROR] /C:/tasheel/backend/src/main/java/com/tasaheel/service/DriverService.java:[188,52] cannot find symbol
[ERROR] /C:/tasheel/backend/src/main/java/com/tasaheel/service/DriverService.java:[189,30] cannot find symbol
[ERROR] /C:/tasheel/backend/src/main/java/com/tasaheel/service/DriverService.java:[189,54] cannot find symbol
[ERROR] /C:/tasheel/backend/src/main/java/com/tasaheel/service/DriverService.java:[190,29] cannot find symbol
[ERROR] /C:/tasheel/backend/src/main/java/com/tasaheel/service/DriverService.java:[191,29] cannot find symbol
[ERROR] /C:/tasheel/backend/src/main/java/com/tasaheel/service/DriverService.java:[192,33] cannot find symbol
[ERROR] /C:/tasheel/backend/src/main/java/com/tasaheel/service/DriverService.java:[193,30] cannot find symbol
[ERROR] /C:/tasheel/backend/src/main/java/com/tasaheel/service/DriverService.java:[194,30] cannot find symbol
[ERROR] /C:/tasheel/backend/src/main/java/com/tasaheel/service/DriverService.java:[195,34] cannot find symbol
[ERROR] /C:/tasheel/backend/src/main/java/com/tasaheel/service/DriverService.java:[196,26] cannot find symbol
[ERROR] /C:/tasheel/backend/src/main/java/com/tasaheel/service/DriverService.java:[197,25] cannot find symbol
[ERROR] /C:/tasheel/backend/src/main/java/com/tasaheel/service/DriverService.java:[198,28] cannot find symbol
[ERROR] /C:/tasheel/backend/src/main/java/com/tasaheel/service/DriverService.java:[199,33] cannot find symbol
[ERROR] /C:/tasheel/backend/src/main/java/com/tasaheel/service/DriverService.java:[200,29] cannot find symbol
[ERROR] /C:/tasheel/backend/src/main/java/com/tasaheel/service/DriverService.java:[201,31] cannot find symbol
[ERROR] /C:/tasheel/backend/src/main/java/com/tasaheel/service/DriverService.java:[202,29] cannot find symbol
[ERROR] /C:/tasheel/backend/src/main/java/com/tasaheel/controller/MediaController.java:[57,24] cannot find symbol
[ERROR] /C:/tasheel/backend/src/main/java/com/tasaheel/controller/MediaController.java:[58,26] cannot find symbol
[ERROR] /C:/tasheel/backend/src/main/java/com/tasaheel/controller/MediaController.java:[59,33] cannot find symbol
[ERROR] /C:/tasheel/backend/src/main/java/com/tasaheel/controller/MediaController.java:[60,28] cannot find symbol
[ERROR] /C:/tasheel/backend/src/main/java/com/tasaheel/controller/MediaController.java:[61,27] cannot find symbol
[ERROR] /C:/tasheel/backend/src/main/java/com/tasaheel/controller/MediaController.java:[62,36] cannot find symbol
[ERROR] /C:/tasheel/backend/src/main/java/com/tasaheel/controller/MediaController.java:[63,33] cannot find symbol
[ERROR] /C:/tasheel/backend/src/main/java/com/tasaheel/integration/MediaService.java:[47,13] cannot find symbol
[ERROR] /C:/tasheel/backend/src/main/java/com/tasaheel/integration/MediaService.java:[73,32] cannot find symbol
[ERROR] /C:/tasheel/backend/src/main/java/com/tasaheel/integration/MediaService.java:[82,13] cannot find symbol
[ERROR] /C:/tasheel/backend/src/main/java/com/tasaheel/integration/MediaService.java:[96,63] cannot find symbol
[ERROR] /C:/tasheel/backend/src/main/java/com/tasaheel/integration/MediaService.java:[99,64] cannot find symbol
[ERROR] /C:/tasheel/backend/src/main/java/com/tasaheel/integration/MediaService.java:[102,13] cannot find symbol
[ERROR] /C:/tasheel/backend/src/main/java/com/tasaheel/dto/ApiResponse.java:[18,27] cannot find symbol
[ERROR] /C:/tasheel/backend/src/main/java/com/tasaheel/dto/ApiResponse.java:[22,27] cannot find symbol
[ERROR] /C:/tasheel/backend/src/main/java/com/tasaheel/dto/ApiResponse.java:[26,27] cannot find symbol
[ERROR] /C:/tasheel/backend/src/main/java/com/tasaheel/dto/ApiResponse.java:[30,27] cannot find symbol
[ERROR] /C:/tasheel/backend/src/main/java/com/tasaheel/exception/GlobalExceptionHandler.java:[52,9] cannot find symbol
[ERROR] /C:/tasheel/backend/src/main/java/com/tasaheel/exception/GlobalExceptionHandler.java:[60,9] cannot find symbol
[ERROR] /C:/tasheel/backend/src/main/java/com/tasaheel/exception/GlobalExceptionHandler.java:[88,9] cannot find symbol
[ERROR] /C:/tasheel/backend/src/main/java/com/tasaheel/controller/AuthController.java:[37,21] cannot find symbol
[ERROR] /C:/tasheel/backend/src/main/java/com/tasaheel/controller/AuthController.java:[38,71] cannot find symbol
[ERROR] /C:/tasheel/backend/src/main/java/com/tasaheel/controller/AuthController.java:[38,93] cannot find symbol
[ERROR] /C:/tasheel/backend/src/main/java/com/tasaheel/controller/AuthController.java:[39,40] cannot find symbol
[ERROR] /C:/tasheel/backend/src/main/java/com/tasaheel/controller/AuthController.java:[53,25] cannot find symbol
[ERROR] /C:/tasheel/backend/src/main/java/com/tasaheel/controller/AuthController.java:[54,75] cannot find symbol
[ERROR] Failed to execute goal org.apache.maven.plugins:maven-compiler-plugin:3.11.0:compile (default-compile) on 
project tasaheel-backend: Compilation failure: Compilation failure: 
[ERROR] /C:/tasheel/backend/src/main/java/com/tasaheel/service/PaymentService.java:[42,5] 
org.springframework.transaction.annotation.Transactional is not a repeatable annotation type
[ERROR] /C:/tasheel/backend/src/main/java/com/tasaheel/service/DriverService.java:[42,16] cannot find symbol
[ERROR]   symbol:   method getName()
[ERROR]   location: variable dto of type com.tasaheel.dto.DriverDTO
[ERROR] /C:/tasheel/backend/src/main/java/com/tasaheel/service/DriverService.java:[42,54] cannot find symbol
[ERROR]   symbol:   method getName()
[ERROR]   location: variable dto of type com.tasaheel.dto.DriverDTO
[ERROR] /C:/tasheel/backend/src/main/java/com/tasaheel/service/DriverService.java:[43,16] cannot find symbol
[ERROR]   symbol:   method getCity()
[ERROR]   location: variable dto of type com.tasaheel.dto.DriverDTO
[ERROR] /C:/tasheel/backend/src/main/java/com/tasaheel/service/DriverService.java:[43,54] cannot find symbol
[ERROR]   symbol:   method getCity()
[ERROR]   location: variable dto of type com.tasaheel.dto.DriverDTO
[ERROR] /C:/tasheel/backend/src/main/java/com/tasaheel/service/DriverService.java:[44,16] cannot find symbol
[ERROR]   symbol:   method getVehicleType()
[ERROR]   location: variable dto of type com.tasaheel.dto.DriverDTO
[ERROR] /C:/tasheel/backend/src/main/java/com/tasaheel/service/DriverService.java:[44,68] cannot find symbol
[ERROR]   symbol:   method getVehicleType()
[ERROR]   location: variable dto of type com.tasaheel.dto.DriverDTO
[ERROR] /C:/tasheel/backend/src/main/java/com/tasaheel/service/DriverService.java:[45,16] cannot find symbol
[ERROR]   symbol:   method getServiceMode()
[ERROR]   location: variable dto of type com.tasaheel.dto.DriverDTO
[ERROR] /C:/tasheel/backend/src/main/java/com/tasaheel/service/DriverService.java:[45,68] cannot find symbol
[ERROR]   symbol:   method getServiceMode()
[ERROR]   location: variable dto of type com.tasaheel.dto.DriverDTO
[ERROR] /C:/tasheel/backend/src/main/java/com/tasaheel/service/DriverService.java:[46,16] cannot find symbol
[ERROR]   symbol:   method getPlateNumber()
[ERROR]   location: variable dto of type com.tasaheel.dto.DriverDTO
[ERROR] /C:/tasheel/backend/src/main/java/com/tasaheel/service/DriverService.java:[46,68] cannot find symbol
[ERROR]   symbol:   method getPlateNumber()
[ERROR]   location: variable dto of type com.tasaheel.dto.DriverDTO
[ERROR] /C:/tasheel/backend/src/main/java/com/tasaheel/service/DriverService.java:[47,16] cannot find symbol
[ERROR]   symbol:   method getEmail()
[ERROR]   location: variable dto of type com.tasaheel.dto.DriverDTO
[ERROR] /C:/tasheel/backend/src/main/java/com/tasaheel/service/DriverService.java:[47,56] cannot find symbol
[ERROR]   symbol:   method getEmail()
[ERROR]   location: variable dto of type com.tasaheel.dto.DriverDTO
[ERROR] /C:/tasheel/backend/src/main/java/com/tasaheel/service/DriverService.java:[48,16] cannot find symbol
[ERROR]   symbol:   method getFcmToken()
[ERROR]   location: variable dto of type com.tasaheel.dto.DriverDTO
[ERROR] /C:/tasheel/backend/src/main/java/com/tasaheel/service/DriverService.java:[48,62] cannot find symbol
[ERROR]   symbol:   method getFcmToken()
[ERROR]   location: variable dto of type com.tasaheel.dto.DriverDTO
[ERROR] /C:/tasheel/backend/src/main/java/com/tasaheel/service/DriverService.java:[66,23] cannot find symbol
[ERROR]   symbol:   method getStatus()
[ERROR]   location: variable transport of type com.tasaheel.entity.TransportRequest
[ERROR] /C:/tasheel/backend/src/main/java/com/tasaheel/service/DriverService.java:[70,18] cannot find symbol
[ERROR]   symbol:   method setDriver(com.tasaheel.entity.Driver)
[ERROR]   location: variable transport of type com.tasaheel.entity.TransportRequest
[ERROR] /C:/tasheel/backend/src/main/java/com/tasaheel/service/DriverService.java:[71,18] cannot find symbol
[ERROR]   symbol:   method setStatus(java.lang.String)
[ERROR]   location: variable transport of type com.tasaheel.entity.TransportRequest
[ERROR] /C:/tasheel/backend/src/main/java/com/tasaheel/service/DriverService.java:[80,22] cannot find symbol
[ERROR]   symbol:   method getDriver()
[ERROR]   location: variable transport of type com.tasaheel.entity.TransportRequest
[ERROR] /C:/tasheel/backend/src/main/java/com/tasaheel/service/DriverService.java:[80,56] cannot find symbol
[ERROR]   symbol:   method getDriver()
[ERROR]   location: variable transport of type com.tasaheel.entity.TransportRequest
[ERROR] /C:/tasheel/backend/src/main/java/com/tasaheel/service/DriverService.java:[84,18] cannot find symbol
[ERROR]   symbol:   method setStatus(java.lang.String)
[ERROR]   location: variable transport of type com.tasaheel.entity.TransportRequest
[ERROR] /C:/tasheel/backend/src/main/java/com/tasaheel/service/DriverService.java:[85,18] cannot find symbol
[ERROR]   symbol:   method setDriver(<nulltype>)
[ERROR]   location: variable transport of type com.tasaheel.entity.TransportRequest
[ERROR] /C:/tasheel/backend/src/main/java/com/tasaheel/service/DriverService.java:[96,22] cannot find symbol
[ERROR]   symbol:   method setStatus(java.lang.String)
[ERROR]   location: variable transport of type com.tasaheel.entity.TransportRequest
[ERROR] /C:/tasheel/backend/src/main/java/com/tasaheel/service/DriverService.java:[98,26] cannot find symbol
[ERROR]   symbol:   method setStartedAt(java.time.LocalDateTime)
[ERROR]   location: variable transport of type com.tasaheel.entity.TransportRequest
[ERROR] /C:/tasheel/backend/src/main/java/com/tasaheel/service/DriverService.java:[101,22] cannot find symbol
[ERROR]   symbol:   method setStatus(java.lang.String)
[ERROR]   location: variable transport of type com.tasaheel.entity.TransportRequest
[ERROR] /C:/tasheel/backend/src/main/java/com/tasaheel/service/DriverService.java:[102,22] cannot find symbol
[ERROR]   symbol:   method setCompletedAt(java.time.LocalDateTime)
[ERROR]   location: variable transport of type com.tasaheel.entity.TransportRequest
[ERROR] /C:/tasheel/backend/src/main/java/com/tasaheel/service/DriverService.java:[117,15] cannot find symbol
[ERROR]   symbol:   method setServiceMode(java.lang.String)
[ERROR]   location: variable driver of type com.tasaheel.entity.Driver
[ERROR] /C:/tasheel/backend/src/main/java/com/tasaheel/service/DriverService.java:[124,15] cannot find symbol
[ERROR]   symbol:   method setLatitude(java.lang.Double)
[ERROR]   location: variable driver of type com.tasaheel.entity.Driver
[ERROR] /C:/tasheel/backend/src/main/java/com/tasaheel/service/DriverService.java:[125,15] cannot find symbol
[ERROR]   symbol:   method setLongitude(java.lang.Double)
[ERROR]   location: variable driver of type com.tasaheel.entity.Driver
[ERROR] /C:/tasheel/backend/src/main/java/com/tasaheel/service/DriverService.java:[146,40] cannot find symbol
[ERROR]   symbol:   method getId()
[ERROR]   location: variable driver of type com.tasaheel.entity.Driver
[ERROR] /C:/tasheel/backend/src/main/java/com/tasaheel/service/DriverService.java:[147,40] cannot find symbol
[ERROR]   symbol:   method getLatitude()
[ERROR]   location: variable driver of type com.tasaheel.entity.Driver
[ERROR] /C:/tasheel/backend/src/main/java/com/tasaheel/service/DriverService.java:[148,41] cannot find symbol
[ERROR]   symbol:   method getLongitude()
[ERROR]   location: variable driver of type com.tasaheel.entity.Driver
[ERROR] /C:/tasheel/backend/src/main/java/com/tasaheel/service/DriverService.java:[149,40] cannot find symbol
[ERROR]   symbol:   method getIsOnline()
[ERROR]   location: variable driver of type com.tasaheel.entity.Driver
[ERROR] /C:/tasheel/backend/src/main/java/com/tasaheel/service/DriverService.java:[150,41] cannot find symbol
[ERROR]   symbol:   method getUpdatedAt()
[ERROR]   location: variable driver of type com.tasaheel.entity.Driver
[ERROR] /C:/tasheel/backend/src/main/java/com/tasaheel/service/DriverService.java:[161,25] cannot find symbol
[ERROR]   symbol:   method builder()
[ERROR]   location: class com.tasaheel.dto.DriverDTO
[ERROR] /C:/tasheel/backend/src/main/java/com/tasaheel/service/DriverService.java:[162,22] cannot find symbol
[ERROR]   symbol:   method getId()
[ERROR]   location: variable d of type com.tasaheel.entity.Driver
[ERROR] /C:/tasheel/backend/src/main/java/com/tasaheel/service/DriverService.java:[163,24] cannot find symbol
[ERROR]   symbol:   method getName()
[ERROR]   location: variable d of type com.tasaheel.entity.Driver
[ERROR] /C:/tasheel/backend/src/main/java/com/tasaheel/service/DriverService.java:[164,25] cannot find symbol
[ERROR]   symbol:   method getPhone()
[ERROR]   location: variable d of type com.tasaheel.entity.Driver
[ERROR] /C:/tasheel/backend/src/main/java/com/tasaheel/service/DriverService.java:[165,25] cannot find symbol
[ERROR]   symbol:   method getEmail()
[ERROR]   location: variable d of type com.tasaheel.entity.Driver
[ERROR] /C:/tasheel/backend/src/main/java/com/tasaheel/service/DriverService.java:[166,24] cannot find symbol
[ERROR]   symbol:   method getCity()
[ERROR]   location: variable d of type com.tasaheel.entity.Driver
[ERROR] /C:/tasheel/backend/src/main/java/com/tasaheel/service/DriverService.java:[167,31] cannot find symbol
[ERROR]   symbol:   method getVehicleType()
[ERROR]   location: variable d of type com.tasaheel.entity.Driver
[ERROR] /C:/tasheel/backend/src/main/java/com/tasaheel/service/DriverService.java:[168,31] cannot find symbol
[ERROR]   symbol:   method getServiceMode()
[ERROR]   location: variable d of type com.tasaheel.entity.Driver
[ERROR] /C:/tasheel/backend/src/main/java/com/tasaheel/service/DriverService.java:[169,31] cannot find symbol
[ERROR]   symbol:   method getPlateNumber()
[ERROR]   location: variable d of type com.tasaheel.entity.Driver
[ERROR] /C:/tasheel/backend/src/main/java/com/tasaheel/service/DriverService.java:[170,28] cannot find symbol
[ERROR]   symbol:   method getIsActive()
[ERROR]   location: variable d of type com.tasaheel.entity.Driver
[ERROR] /C:/tasheel/backend/src/main/java/com/tasaheel/service/DriverService.java:[171,30] cannot find symbol
[ERROR]   symbol:   method getIsApproved()
[ERROR]   location: variable d of type com.tasaheel.entity.Driver
[ERROR] /C:/tasheel/backend/src/main/java/com/tasaheel/service/DriverService.java:[172,28] cannot find symbol
[ERROR]   symbol:   method getLatitude()
[ERROR]   location: variable d of type com.tasaheel.entity.Driver
[ERROR] /C:/tasheel/backend/src/main/java/com/tasaheel/service/DriverService.java:[173,29] cannot find symbol
[ERROR]   symbol:   method getLongitude()
[ERROR]   location: variable d of type com.tasaheel.entity.Driver
[ERROR] /C:/tasheel/backend/src/main/java/com/tasaheel/service/DriverService.java:[174,28] cannot find symbol
[ERROR]   symbol:   method getIsOnline()
[ERROR]   location: variable d of type com.tasaheel.entity.Driver
[ERROR] /C:/tasheel/backend/src/main/java/com/tasaheel/service/DriverService.java:[175,28] cannot find symbol
[ERROR]   symbol:   method getFcmToken()
[ERROR]   location: variable d of type com.tasaheel.entity.Driver
[ERROR] /C:/tasheel/backend/src/main/java/com/tasaheel/service/DriverService.java:[176,29] cannot find symbol
[ERROR]   symbol:   method getCreatedAt()
[ERROR]   location: variable d of type com.tasaheel.entity.Driver
[ERROR] /C:/tasheel/backend/src/main/java/com/tasaheel/service/DriverService.java:[177,29] cannot find symbol
[ERROR]   symbol:   method getUpdatedAt()
[ERROR]   location: variable d of type com.tasaheel.entity.Driver
[ERROR] /C:/tasheel/backend/src/main/java/com/tasaheel/service/DriverService.java:[182,35] cannot find symbol
[ERROR]   symbol:   method builder()
[ERROR]   location: class com.tasaheel.dto.TransportRequestDTO
[ERROR] /C:/tasheel/backend/src/main/java/com/tasaheel/service/DriverService.java:[183,22] cannot find symbol
[ERROR]   symbol:   method getId()
[ERROR]   location: variable t of type com.tasaheel.entity.TransportRequest
[ERROR] /C:/tasheel/backend/src/main/java/com/tasaheel/service/DriverService.java:[184,29] cannot find symbol
[ERROR]   symbol:   method getRequest()
[ERROR]   location: variable t of type com.tasaheel.entity.TransportRequest
[ERROR] /C:/tasheel/backend/src/main/java/com/tasaheel/service/DriverService.java:[185,30] cannot find symbol
[ERROR]   symbol:   method getCustomer()
[ERROR]   location: variable t of type com.tasaheel.entity.TransportRequest
[ERROR] /C:/tasheel/backend/src/main/java/com/tasaheel/service/DriverService.java:[186,32] cannot find symbol
[ERROR]   symbol:   method getCustomer()
[ERROR]   location: variable t of type com.tasaheel.entity.TransportRequest
[ERROR] /C:/tasheel/backend/src/main/java/com/tasaheel/service/DriverService.java:[187,33] cannot find symbol
[ERROR]   symbol:   method getCustomer()
[ERROR]   location: variable t of type com.tasaheel.entity.TransportRequest
[ERROR] /C:/tasheel/backend/src/main/java/com/tasaheel/service/DriverService.java:[188,28] cannot find symbol
[ERROR]   symbol:   method getDriver()
[ERROR]   location: variable t of type com.tasaheel.entity.TransportRequest
[ERROR] /C:/tasheel/backend/src/main/java/com/tasaheel/service/DriverService.java:[188,52] cannot find symbol
[ERROR]   symbol:   method getDriver()
[ERROR]   location: variable t of type com.tasaheel.entity.TransportRequest
[ERROR] /C:/tasheel/backend/src/main/java/com/tasaheel/service/DriverService.java:[189,30] cannot find symbol
[ERROR]   symbol:   method getDriver()
[ERROR]   location: variable t of type com.tasaheel.entity.TransportRequest
[ERROR] /C:/tasheel/backend/src/main/java/com/tasaheel/service/DriverService.java:[189,54] cannot find symbol
[ERROR]   symbol:   method getDriver()
[ERROR]   location: variable t of type com.tasaheel.entity.TransportRequest
[ERROR] /C:/tasheel/backend/src/main/java/com/tasaheel/service/DriverService.java:[190,29] cannot find symbol
[ERROR]   symbol:   method getPickupLat()
[ERROR]   location: variable t of type com.tasaheel.entity.TransportRequest
[ERROR] /C:/tasheel/backend/src/main/java/com/tasaheel/service/DriverService.java:[191,29] cannot find symbol
[ERROR]   symbol:   method getPickupLng()
[ERROR]   location: variable t of type com.tasaheel.entity.TransportRequest
[ERROR] /C:/tasheel/backend/src/main/java/com/tasaheel/service/DriverService.java:[192,33] cannot find symbol
[ERROR]   symbol:   method getPickupAddress()
[ERROR]   location: variable t of type com.tasaheel.entity.TransportRequest
[ERROR] /C:/tasheel/backend/src/main/java/com/tasaheel/service/DriverService.java:[193,30] cannot find symbol
[ERROR]   symbol:   method getDropoffLat()
[ERROR]   location: variable t of type com.tasaheel.entity.TransportRequest
[ERROR] /C:/tasheel/backend/src/main/java/com/tasaheel/service/DriverService.java:[194,30] cannot find symbol
[ERROR]   symbol:   method getDropoffLng()
[ERROR]   location: variable t of type com.tasaheel.entity.TransportRequest
[ERROR] /C:/tasheel/backend/src/main/java/com/tasaheel/service/DriverService.java:[195,34] cannot find symbol
[ERROR]   symbol:   method getDropoffAddress()
[ERROR]   location: variable t of type com.tasaheel.entity.TransportRequest
[ERROR] /C:/tasheel/backend/src/main/java/com/tasaheel/service/DriverService.java:[196,26] cannot find symbol
[ERROR]   symbol:   method getStatus()
[ERROR]   location: variable t of type com.tasaheel.entity.TransportRequest
[ERROR] /C:/tasheel/backend/src/main/java/com/tasaheel/service/DriverService.java:[197,25] cannot find symbol
[ERROR]   symbol:   method getPrice()
[ERROR]   location: variable t of type com.tasaheel.entity.TransportRequest
[ERROR] /C:/tasheel/backend/src/main/java/com/tasaheel/service/DriverService.java:[198,28] cannot find symbol
[ERROR]   symbol:   method getDistance()
[ERROR]   location: variable t of type com.tasaheel.entity.TransportRequest
[ERROR] /C:/tasheel/backend/src/main/java/com/tasaheel/service/DriverService.java:[199,33] cannot find symbol
[ERROR]   symbol:   method getEstimatedTime()
[ERROR]   location: variable t of type com.tasaheel.entity.TransportRequest
[ERROR] /C:/tasheel/backend/src/main/java/com/tasaheel/service/DriverService.java:[200,29] cannot find symbol
[ERROR]   symbol:   method getStartedAt()
[ERROR]   location: variable t of type com.tasaheel.entity.TransportRequest
[ERROR] /C:/tasheel/backend/src/main/java/com/tasaheel/service/DriverService.java:[201,31] cannot find symbol
[ERROR]   symbol:   method getCompletedAt()
[ERROR]   location: variable t of type com.tasaheel.entity.TransportRequest
[ERROR] /C:/tasheel/backend/src/main/java/com/tasaheel/service/DriverService.java:[202,29] cannot find symbol
[ERROR]   symbol:   method getCreatedAt()
[ERROR]   location: variable t of type com.tasaheel.entity.TransportRequest
[ERROR] /C:/tasheel/backend/src/main/java/com/tasaheel/controller/MediaController.java:[57,24] cannot find symbol
[ERROR]   symbol:   method builder()
[ERROR]   location: class com.tasaheel.dto.MediaDTO
[ERROR] /C:/tasheel/backend/src/main/java/com/tasaheel/controller/MediaController.java:[58,26] cannot find symbol
[ERROR]   symbol:   method getId()
[ERROR]   location: variable media of type com.tasaheel.entity.Media
[ERROR] /C:/tasheel/backend/src/main/java/com/tasaheel/controller/MediaController.java:[59,33] cannot find symbol
[ERROR]   symbol:   method getRequest()
[ERROR]   location: variable media of type com.tasaheel.entity.Media
[ERROR] /C:/tasheel/backend/src/main/java/com/tasaheel/controller/MediaController.java:[60,28] cannot find symbol
[ERROR]   symbol:   method getType()
[ERROR]   location: variable media of type com.tasaheel.entity.Media
[ERROR] /C:/tasheel/backend/src/main/java/com/tasaheel/controller/MediaController.java:[61,27] cannot find symbol
[ERROR]   symbol:   method getUrl()
[ERROR]   location: variable media of type com.tasaheel.entity.Media
[ERROR] /C:/tasheel/backend/src/main/java/com/tasaheel/controller/MediaController.java:[62,36] cannot find symbol
[ERROR]   symbol:   method getThumbnailUrl()
[ERROR]   location: variable media of type com.tasaheel.entity.Media
[ERROR] /C:/tasheel/backend/src/main/java/com/tasaheel/controller/MediaController.java:[63,33] cannot find symbol
[ERROR]   symbol:   method getCreatedAt()
[ERROR]   location: variable media of type com.tasaheel.entity.Media
[ERROR] /C:/tasheel/backend/src/main/java/com/tasaheel/integration/MediaService.java:[47,13] cannot find symbol
[ERROR]   symbol:   variable log
[ERROR]   location: class com.tasaheel.integration.MediaService
[ERROR] /C:/tasheel/backend/src/main/java/com/tasaheel/integration/MediaService.java:[73,32] cannot find symbol
[ERROR]   symbol:   method builder()
[ERROR]   location: class com.tasaheel.entity.Media
[ERROR] /C:/tasheel/backend/src/main/java/com/tasaheel/integration/MediaService.java:[82,13] cannot find symbol
[ERROR]   symbol:   variable log
[ERROR]   location: class com.tasaheel.integration.MediaService
[ERROR] /C:/tasheel/backend/src/main/java/com/tasaheel/integration/MediaService.java:[96,63] cannot find symbol
[ERROR]   symbol:   method getUrl()
[ERROR]   location: variable media of type com.tasaheel.entity.Media
[ERROR] /C:/tasheel/backend/src/main/java/com/tasaheel/integration/MediaService.java:[99,64] cannot find symbol
[ERROR]   symbol:   method getThumbnailUrl()
[ERROR]   location: variable media of type com.tasaheel.entity.Media
[ERROR] /C:/tasheel/backend/src/main/java/com/tasaheel/integration/MediaService.java:[102,13] cannot find symbol
[ERROR]   symbol:   variable log
[ERROR]   location: class com.tasaheel.integration.MediaService
[ERROR] /C:/tasheel/backend/src/main/java/com/tasaheel/dto/ApiResponse.java:[18,27] cannot find symbol
[ERROR]   symbol:   method <T>builder()
[ERROR]   location: class com.tasaheel.dto.ApiResponse
[ERROR] /C:/tasheel/backend/src/main/java/com/tasaheel/dto/ApiResponse.java:[22,27] cannot find symbol
[ERROR]   symbol:   method <T>builder()
[ERROR]   location: class com.tasaheel.dto.ApiResponse
[ERROR] /C:/tasheel/backend/src/main/java/com/tasaheel/dto/ApiResponse.java:[26,27] cannot find symbol
[ERROR]   symbol:   method <T>builder()
[ERROR]   location: class com.tasaheel.dto.ApiResponse
[ERROR] /C:/tasheel/backend/src/main/java/com/tasaheel/dto/ApiResponse.java:[30,27] cannot find symbol
[ERROR]   symbol:   method <T>builder()
[ERROR]   location: class com.tasaheel.dto.ApiResponse
[ERROR] /C:/tasheel/backend/src/main/java/com/tasaheel/exception/GlobalExceptionHandler.java:[52,9] cannot find symbol
[ERROR]   symbol:   variable log
[ERROR]   location: class com.tasaheel.exception.GlobalExceptionHandler
[ERROR] /C:/tasheel/backend/src/main/java/com/tasaheel/exception/GlobalExceptionHandler.java:[60,9] cannot find symbol
[ERROR]   symbol:   variable log
[ERROR]   location: class com.tasaheel.exception.GlobalExceptionHandler
[ERROR] /C:/tasheel/backend/src/main/java/com/tasaheel/exception/GlobalExceptionHandler.java:[88,9] cannot find symbol
[ERROR]   symbol:   variable log
[ERROR]   location: class com.tasaheel.exception.GlobalExceptionHandler
[ERROR] /C:/tasheel/backend/src/main/java/com/tasaheel/controller/AuthController.java:[37,21] cannot find symbol
[ERROR]   symbol:   method getToken()
[ERROR]   location: variable response of type com.tasaheel.dto.AuthResponse
[ERROR] /C:/tasheel/backend/src/main/java/com/tasaheel/controller/AuthController.java:[38,71] cannot find symbol
[ERROR]   symbol:   method getUserId()
[ERROR]   location: variable response of type com.tasaheel.dto.AuthResponse
[ERROR] /C:/tasheel/backend/src/main/java/com/tasaheel/controller/AuthController.java:[38,93] cannot find symbol
[ERROR]   symbol:   method getRole()
[ERROR]   location: variable response of type com.tasaheel.dto.AuthResponse
[ERROR] /C:/tasheel/backend/src/main/java/com/tasaheel/controller/AuthController.java:[39,40] cannot find symbol
[ERROR]   symbol:   method getToken()
[ERROR]   location: variable rt of type com.tasaheel.entity.RefreshToken
[ERROR] /C:/tasheel/backend/src/main/java/com/tasaheel/controller/AuthController.java:[53,25] cannot find symbol
[ERROR]   symbol:   method getUserId()
[ERROR]   location: variable response of type com.tasaheel.dto.AuthResponse
[ERROR] /C:/tasheel/backend/src/main/java/com/tasaheel/controller/AuthController.java:[54,75] cannot find symbol
[ERROR]   symbol:   method getUserId()
[ERROR]   location: variable response of type com.tasaheel.dto.AuthResponse
[ERROR] -> [Help 1]
[ERROR] 
[ERROR] To see the full stack trace of the errors, re-run Maven with the -e switch.
[ERROR] Re-run Maven using the -X switch to enable full debug logging.
[ERROR] 
[ERROR] For more information about the errors and possible solutions, please read the following articles:
[ERROR] [Help 1] http://cwiki.apache.org/confluence/display/MAVEN/MojoFailureException


